{
  "type": "create:pressing",
  "ingredients": [
    {
      "item": "kubejs:rocky_golden_batch"
    }
  ],
  "results": [
    {
      "item": "kubejs:dirty_golden_batch"
    },
    {
      "chance": 0.5,
      "item": "minecraft:gravel" 
    }
  ]
}