{
  "type": "createsifter:sifting",
  "ingredients": [
    {
      "item": "kubejs:golden_batch"
    },
    {
      "item": "createsifter:brass_mesh"
    }
  ],
  "processingTime": 300,
  "results": [
    {
      "chance": 0.3,
      "item": "minecraft:raw_gold"
    },
    {
      "chance": 0.9,
      "item": "thermal:raw_silver"
    },
    {
      "chance": 0.2,
      "item": "mekanism:raw_uranium"
    },
    {
      "chance": 0.6,
      "item": "mekanism:raw_osmium"
    },
    {
      "chance": 0.5,
      "item": "minecraft:gold_nugget"
    }
  ]
}